// Jest Snapshot v1, https://goo.gl/fbAQLP

exports[`Header component test Testing Header rendering 1`] = `null`;
