// Jest Snapshot v1, https://goo.gl/fbAQLP

exports[`Mission component test Testing Mission page rendering 1`] = `null`;
